2026-01-28 14:58:43,181 - INFO - https://aawgott-svc-kvm.hcm.com:443/portal
2026-01-28 14:58:43,181 - INFO - Start function _setup_chrome
2026-01-28 14:58:43,182 - INFO - Setting up chrome driver
2026-01-28 14:58:43,183 - INFO - Using local chrome driver at C:\Auto_Browsers\chromedriver.exe
2026-01-28 14:58:44,663 - INFO - chrome driver setup successfully
2026-01-28 14:58:44,665 - INFO - Navigating to URL: https://aawgott-svc-kvm.hcm.com:443/portal
2026-01-28 14:58:46,120 - INFO - Client IP: 10.128.224.115, Port: 4444, Function: sign_in_portal
2026-01-28 14:58:46,122 - INFO - Start function sign_in_portal
2026-01-28 14:58:46,296 - INFO - Verified on text sign in
2026-01-28 14:58:46,450 - INFO - Attempting to sign in
2026-01-28 14:58:46,468 - INFO - URL: https://aawgott-svc-kvm.hcm.com/portal/tenants/default/
2026-01-28 14:58:46,689 - INFO - Entered click and clear info
2026-01-28 14:58:46,739 - INFO - Entered username: khoa
2026-01-28 14:58:46,874 - INFO - Entered password
2026-01-28 14:58:47,064 - INFO - Clicked Sign in button
2026-01-28 14:58:52,118 - INFO - Clicked user avatar button
2026-01-28 14:58:52,140 - INFO - Successfully signed in - sign out button detected
2026-01-28 14:58:52,185 - INFO - Navigated back to the iView dashboard
2026-01-28 14:58:52,186 - INFO - Verify sign_in_portal
2026-01-28 14:58:54,187 - INFO - Getting user name from Meet Now page
2026-01-28 14:58:54,211 - INFO - Display name: Quang khoa
2026-01-28 14:58:54,212 - INFO - Sign_in_portal successfully
2026-01-28 14:58:54,216 - INFO - Client IP: 10.128.224.115, Port: 4444, Function: join_meeting
2026-01-28 14:58:54,216 - INFO - Start function join_meeting
2026-01-28 14:58:54,216 - INFO - Entering meeting ID: 5602112
2026-01-28 14:58:54,217 - INFO - Attempting to enter meeting ID
2026-01-28 14:58:54,289 - INFO - Entered meeting ID: 5602112
2026-01-28 14:58:54,289 - INFO - Clicking join meeting button...
2026-01-28 14:58:54,341 - INFO - Clicked Join Meeting button successfully
2026-01-28 14:58:54,863 - INFO - Waiting for conference window to open...
2026-01-28 14:58:54,864 - INFO - Original portal window: B7EF38290135729A94A1AB25092739D6
2026-01-28 14:58:54,867 - INFO - Conference window: 92420F9FAAD45FF423B2C3675769F6B1
2026-01-28 14:58:54,867 - INFO - Switching to conference window: 92420F9FAAD45FF423B2C3675769F6B1
2026-01-28 14:58:54,872 - INFO - Successfully focused on conference window
2026-01-28 14:58:54,874 - INFO - join_meeting successfully
2026-01-28 14:59:04,880 - INFO - Client IP: 10.128.224.115, Port: 4444, Function: verify_in_meeting
2026-01-28 14:59:04,880 - INFO - Start verify_in_meeting
2026-01-28 14:59:04,880 - INFO - Waiting for participant 'khoa' (0s)
2026-01-28 14:59:04,880 - INFO - Waiting for participant 'khoa' (0s)
2026-01-28 14:59:04,883 - INFO - Client IP: 10.128.224.115, Port: 4444, Function: handle_unblock_popup
2026-01-28 14:59:04,883 - INFO - Handle unblock popup
2026-01-28 14:59:13,315 - INFO - Close popup microphone button clicked
2026-01-28 14:59:18,381 - INFO - Close popup video button clicked
2026-01-28 14:59:18,381 - INFO - Handle unblock popup successfully
2026-01-28 14:59:18,382 - INFO - Popup handled, will not retry
2026-01-28 14:59:18,382 - INFO - Searching for participant: khoa
2026-01-28 14:59:18,414 - INFO - Total participants found: 1
2026-01-28 14:59:18,426 - INFO - Checking participant UI name: 'quang khoa'
2026-01-28 14:59:18,426 - INFO - Participant 'khoa' found in roster list.
2026-01-28 14:59:18,427 - INFO - Participant 'khoa' found in roster list. khoa joined meeting successfully
2026-01-28 14:59:18,435 - INFO - Client IP: 10.128.224.115, Port: 4444, Function: terminate_meeting
2026-01-28 14:59:18,436 - INFO - Start function terminate_meeting
2026-01-28 14:59:18,661 - INFO - Meeting controls button clicked
2026-01-28 14:59:23,754 - INFO - Terminate meeting button clicked
2026-01-28 14:59:24,352 - INFO - Submit button clicked
2026-01-28 14:59:29,353 - INFO - Terminate_meeting successfuly
2026-01-28 14:59:29,353 - INFO - Closing conference window
2026-01-28 14:59:29,416 - INFO - Closed window: 92420F9FAAD45FF423B2C3675769F6B1
2026-01-28 14:59:29,423 - INFO - Switched back to original window: B7EF38290135729A94A1AB25092739D6
2026-01-28 14:59:29,427 - INFO - Client IP: 10.128.224.115, Port: 4444, Function: sign_out
2026-01-28 14:59:29,428 - INFO - Start function sign_out_portal
2026-01-28 14:59:29,439 - INFO - Verified on avatar user button
2026-01-28 14:59:29,512 - INFO - Clicked avatar user button
2026-01-28 14:59:30,134 - INFO - Verified on sign in button
2026-01-28 14:59:35,134 - INFO - Successfully signed out - sign out button detected
